commit 80f847c26c743589a9f1cae9eecc37594ad38eb8
Merge: 9215697 00bce06
Author: Daria_Khan <tesurus2005@yahoo.com>
Date:   Sat Mar 29 13:08:28 2025 +0100

    Merge branch 'master' of https://github.com/DariaKhan/GitAdvanced

commit 00bce061c70e312eb1c8aae202c857fd6f7ff40f
Author: DariaKhan <151620933+DariaKhan@users.noreply.github.com>
Date:   Sat Mar 29 13:05:00 2025 +0100

    Update README.md

commit 3dbf4f7f27178ecb1375c4e7125af4c50b092b0c
Author: DariaKhan <151620933+DariaKhan@users.noreply.github.com>
Date:   Sat Mar 29 13:04:17 2025 +0100

    Initial commit

commit 9215697015c845126e0f98f9169ff584c3541b36
Author: Daria_Khan <tesurus2005@yahoo.com>
Date:   Sat Mar 29 12:46:37 2025 +0100

    initial commit

///////////////////////////////////////////////////////////////////////////////////////////////////////////////

Changes not staged for commit:
  (use "git add <file>..." to update what will be committed)
  (use "git restore <file>..." to discard changes in working directory)
        modified:   style.css

no changes added to commit (use "git add" and/or "git commit -a")
PS C:\Users\khand\OneDrive\Desktop\hw> git add .
PS C:\Users\khand\OneDrive\Desktop\hw> git commit -m "button style changed"
[master 3407e58] button style changed
 1 file changed, 1 deletion(-)
PS C:\Users\khand\OneDrive\Desktop\hw> git log
commit 3407e5844aa4c7b5df69c3726ddd1ad72a9289a8 (HEAD -> master)
Author: Daria_Khan <tesurus2005@yahoo.com>
Date:   Sat Mar 29 13:48:48 2025 +0100

    button style changed

commit ac0463d723310f927090bdd7905d66f991399438
Author: Daria_Khan <tesurus2005@yahoo.com>
Date:   Sat Mar 29 13:47:50 2025 +0100

    font size changed

commit c379e7233e130141e69d2d242cf414ac4fe1a49a
Author: Daria_Khan <tesurus2005@yahoo.com>
Date:   Sat Mar 29 13:46:24 2025 +0100

PS C:\Users\khand\OneDrive\Desktop\hw> 
PS C:\Users\khand\OneDrive\Desktop\hw> git log
commit 3407e5844aa4c7b5df69c3726ddd1ad72a9289a8 (HEAD -> master)
Author: Daria_Khan <tesurus2005@yahoo.com>
Date:   Sat Mar 29 13:48:48 2025 +0100

    button style changed

commit ac0463d723310f927090bdd7905d66f991399438
Author: Daria_Khan <tesurus2005@yahoo.com>
Date:   Sat Mar 29 13:47:50 2025 +0100

    font size changed

commit c379e7233e130141e69d2d242cf414ac4fe1a49a
Author: Daria_Khan <tesurus2005@yahoo.com>
Date:   Sat Mar 29 13:46:24 2025 +0100

    background changed

commit 80f847c26c743589a9f1cae9eecc37594ad38eb8 (origin/master)
Merge: 9215697 00bce06
Author: Daria_Khan <tesurus2005@yahoo.com>
Date:   Sat Mar 29 13:08:28 2025 +0100

    Merge branch 'master' of https://github.com/DariaKhan/GitAdvanced

commit 00bce061c70e312eb1c8aae202c857fd6f7ff40f
commit 3407e5844aa4c7b5df69c3726ddd1ad72a9289a8 (HEAD -> master)
commit 3407e5844aa4c7b5df69c3726ddd1ad72a9289a8 (HEAD -> master)
Author: Daria_Khan <tesurus2005@yahoo.com>
Date:   Sat Mar 29 13:48:48 2025 +0100

    button style changed

commit ac0463d723310f927090bdd7905d66f991399438
Author: Daria_Khan <tesurus2005@yahoo.com>
Date:   Sat Mar 29 13:47:50 2025 +0100

    font size changed

commit c379e7233e130141e69d2d242cf414ac4fe1a49a
Author: Daria_Khan <tesurus2005@yahoo.com>
Date:   Sat Mar 29 13:46:24 2025 +0100

    background changed

commit 80f847c26c743589a9f1cae9eecc37594ad38eb8 (origin/master)
Merge: 9215697 00bce06
Author: Daria_Khan <tesurus2005@yahoo.com>
Date:   Sat Mar 29 13:08:28 2025 +0100

    Merge branch 'master' of https://github.com/DariaKhan/GitAdvanced

commit 00bce061c70e312eb1c8aae202c857fd6f7ff40f
Author: DariaKhan <151620933+DariaKhan@users.noreply.github.com>
Date:   Sat Mar 29 13:05:00 2025 +0100

    Update README.md

commit 3dbf4f7f27178ecb1375c4e7125af4c50b092b0c
Author: DariaKhan <151620933+DariaKhan@users.noreply.github.com>
Date:   Sat Mar 29 13:04:17 2025 +0100

    Initial commit

commit 9215697015c845126e0f98f9169ff584c3541b36
Author: Daria_Khan <tesurus2005@yahoo.com>
Date:   Sat Mar 29 12:46:37 2025 +0100

    initial commit
PS C:\Users\khand\OneDrive\Desktop\hw> git reset c379e7233e130141e69d2d242cf414ac4fe1a49a --hard
HEAD is now at c379e72 background changed
PS C:\Users\khand\OneDrive\Desktop\hw> git reset ac0463d723310f927090bdd7905d66f991399438 --mixed
Unstaged changes after reset:
M       style.css
PS C:\Users\khand\OneDrive\Desktop\hw> git staus 
git: 'staus' is not a git command. See 'git --help'.

The most similar command is
        status
PS C:\Users\khand\OneDrive\Desktop\hw> git status
On branch master
Your branch is ahead of 'origin/master' by 2 commits.
  (use "git push" to publish your local commits)

Changes not staged for commit:
  (use "git add <file>..." to update what will be committed)
  (use "git restore <file>..." to discard changes in working directory)
        modified:   style.css

no changes added to commit (use "git add" and/or "git commit -a")
PS C:\Users\khand\OneDrive\Desktop\hw> git restore
fatal: you must specify path(s) to restore
PS C:\Users\khand\OneDrive\Desktop\hw>  git add .       
PS C:\Users\khand\OneDrive\Desktop\hw>  git restore
fatal: you must specify path(s) to restore
PS C:\Users\khand\OneDrive\Desktop\hw> git ac0463d723310f927090bdd7905d66f991399438 restore
git: 'ac0463d723310f927090bdd7905d66f991399438' is not a git command. See 'git --help'.
PS C:\Users\khand\OneDrive\Desktop\hw> git restore ac0463d723310f927090bdd7905d66f991399438
error: pathspec 'ac0463d723310f927090bdd7905d66f991399438' did not match any file(s) known to git
PS C:\Users\khand\OneDrive\Desktop\hw> git reset ac0463d723310f927090bdd7905d66f991399438 --mixed
Unstaged changes after reset:
M       style.css
PS C:\Users\khand\OneDrive\Desktop\hw> git restore ac0463d723310f927090bdd7905d66f991399438      
error: pathspec 'ac0463d723310f927090bdd7905d66f991399438' did not match any file(s) known to git
PS C:\Users\khand\OneDrive\Desktop\hw> git add .
PS C:\Users\khand\OneDrive\Desktop\hw> git restore ac0463d723310f927090bdd7905d66f991399438
error: pathspec 'ac0463d723310f927090bdd7905d66f991399438' did not match any file(s) known to git
PS C:\Users\khand\OneDrive\Desktop\hw> 
PS C:\Users\khand\OneDrive\Desktop\hw> git reset 3407e5844aa4c7b5df69c3726ddd1ad72a9289a8 --hard 
HEAD is now at 3407e58 button style changed
PS C:\Users\khand\OneDrive\Desktop\hw> git reset 3407e5844aa4c7b5df69c3726ddd1ad72a9289a8 --soft
PS C:\Users\khand\OneDrive\Desktop\hw> git status
On branch master
Your branch is ahead of 'origin/master' by 3 commits.
  (use "git push" to publish your local commits)

nothing to commit, working tree clean
PS C:\Users\khand\OneDrive\Desktop\hw> git reset 80f847c26c743589a9f1cae9eecc37594ad38eb8 --hard
HEAD is now at 80f847c Merge branch 'master' of https://github.com/DariaKhan/GitAdvanced
PS C:\Users\khand\OneDrive\Desktop\hw> git status
On branch master
Your branch is up to date with 'origin/master'.

nothing to commit, working tree clean
PS C:\Users\khand\OneDrive\Desktop\hw> git push -u origin master
Everything up-to-date
branch 'master' set up to track 'origin/master'.
PS C:\Users\khand\OneDrive\Desktop\hw> git log
commit 80f847c26c743589a9f1cae9eecc37594ad38eb8 (HEAD -> master, origin/master)
Merge: 9215697 00bce06
Author: Daria_Khan <tesurus2005@yahoo.com>
Date:   Sat Mar 29 13:08:28 2025 +0100

    Merge branch 'master' of https://github.com/DariaKhan/GitAdvanced

commit 00bce061c70e312eb1c8aae202c857fd6f7ff40f
Author: DariaKhan <151620933+DariaKhan@users.noreply.github.com>
Date:   Sat Mar 29 13:05:00 2025 +0100

    Update README.md

commit 3dbf4f7f27178ecb1375c4e7125af4c50b092b0c
Author: DariaKhan <151620933+DariaKhan@users.noreply.github.com>
Date:   Sat Mar 29 13:04:17 2025 +0100

    Initial commit

commit 9215697015c845126e0f98f9169ff584c3541b36
Author: Daria_Khan <tesurus2005@yahoo.com>
Date:   Sat Mar 29 12:46:37 2025 +0100

    initial commit